// Jest Snapshot v1, https://goo.gl/fbAQLP

exports[`Contact renders without crashing 1`] = `
<Segment
  stacked={true}
>
  <Header
    as="h3"
    icon={true}
    textAlign="center"
  >
    <Icon
      as="i"
      circular={true}
      name="mail outline"
    />
    <HeaderContent>
      Send Me a Message
    </HeaderContent>
  </Header>
  <Form
    as="form"
  >
    <FormGroup
      widths="equal"
    >
      <FormInput
        as={[Function]}
        control={[Function]}
        label="First Name"
        name="first_name"
        onChange={[Function]}
        placeholder="First Name"
        value=""
      />
      <FormInput
        as={[Function]}
        control={[Function]}
        label="Last Name"
        name="last_name"
        onChange={[Function]}
        placeholder="Last Name"
        value=""
      />
    </FormGroup>
    <FormInput
      as={[Function]}
      control={[Function]}
      label="E-Mail Address"
      name="email"
      onChange={[Function]}
      placeholder="E-Mail Address"
      type="email"
      value=""
    />
    <FormTextArea
      as={[Function]}
      control={[Function]}
      label="Message"
      name="message"
      onChange={[Function]}
      placeholder="Message"
      value=""
    />
    <FormGroup>
      <div
        id="recaptcha"
      />
    </FormGroup>
    <FormButton
      as={[Function]}
      content="Send Message"
      control={[Function]}
      onClick={[Function]}
      primary={true}
      type="submit"
    />
  </Form>
</Segment>
`;
